// Jest Snapshot v1, https://goo.gl/fbAQLP

exports[`should render the details component 1`] = `
"<Provider>
   
  <BrowserRouter>
    <Router history={{...}}>
      <Details>
        <span>
          Add Resources detail here
        </span>
      </Details>
    </Router>
  </BrowserRouter>
   
</Provider>"
`;
